---
source: crates/db/src/mysql/catalog.rs
expression: "format!(\"{FK_DEPENDENCIES_SQL}\\n\\n{VIEW_DEPENDENCIES_SQL}\")"
---
SELECT DISTINCT 'uses', REFERENCED_TABLE_SCHEMA, REFERENCED_TABLE_NAME, 'TABLE', 'foreign key' FROM information_schema.KEY_COLUMN_USAGE WHERE TABLE_SCHEMA = ? AND TABLE_NAME = ? AND REFERENCED_TABLE_NAME IS NOT NULL UNION ALL SELECT DISTINCT 'used_by', TABLE_SCHEMA, TABLE_NAME, 'TABLE', 'foreign key' FROM information_schema.KEY_COLUMN_USAGE WHERE REFERENCED_TABLE_SCHEMA = ? AND REFERENCED_TABLE_NAME = ?

SELECT 'uses', u.TABLE_SCHEMA, u.TABLE_NAME, COALESCE(t.TABLE_TYPE, 'TABLE'), 'view' FROM information_schema.VIEW_TABLE_USAGE u LEFT JOIN information_schema.TABLES t ON t.TABLE_SCHEMA = u.TABLE_SCHEMA AND t.TABLE_NAME = u.TABLE_NAME WHERE u.VIEW_SCHEMA = ? AND u.VIEW_NAME = ? UNION ALL SELECT 'used_by', VIEW_SCHEMA, VIEW_NAME, 'VIEW', 'view' FROM information_schema.VIEW_TABLE_USAGE WHERE TABLE_SCHEMA = ? AND TABLE_NAME = ?
