---
source: crates/db/src/mysql/catalog.rs
expression: "[COLUMNS_SQL, INDEXES_SQL, FOREIGN_KEYS_SQL, CHECKS_SQL, TRIGGERS_SQL,\nTABLE_STATS_SQL].join(\"\\n\\n\")"
---
SELECT TABLE_SCHEMA, TABLE_NAME, COLUMN_NAME, COLUMN_TYPE, IS_NULLABLE, COLUMN_DEFAULT, ORDINAL_POSITION, COLUMN_KEY, COLUMN_COMMENT FROM information_schema.COLUMNS WHERE TABLE_SCHEMA = ? AND TABLE_NAME = ? ORDER BY ORDINAL_POSITION

SELECT INDEX_NAME, NON_UNIQUE, COALESCE(COLUMN_NAME, '(expression)'), INDEX_TYPE, SUB_PART FROM information_schema.STATISTICS WHERE TABLE_SCHEMA = ? AND TABLE_NAME = ? ORDER BY INDEX_NAME, SEQ_IN_INDEX

SELECT k.CONSTRAINT_NAME, k.COLUMN_NAME, k.REFERENCED_TABLE_SCHEMA, k.REFERENCED_TABLE_NAME, k.REFERENCED_COLUMN_NAME, r.UPDATE_RULE, r.DELETE_RULE FROM information_schema.KEY_COLUMN_USAGE k JOIN information_schema.REFERENTIAL_CONSTRAINTS r ON r.CONSTRAINT_SCHEMA = k.CONSTRAINT_SCHEMA AND r.CONSTRAINT_NAME = k.CONSTRAINT_NAME AND r.TABLE_NAME = k.TABLE_NAME WHERE k.TABLE_SCHEMA = ? AND k.TABLE_NAME = ? AND k.REFERENCED_TABLE_NAME IS NOT NULL ORDER BY k.CONSTRAINT_NAME, k.ORDINAL_POSITION

SELECT c.CONSTRAINT_NAME, c.CHECK_CLAUSE FROM information_schema.CHECK_CONSTRAINTS c JOIN information_schema.TABLE_CONSTRAINTS t ON t.CONSTRAINT_SCHEMA = c.CONSTRAINT_SCHEMA AND t.CONSTRAINT_NAME = c.CONSTRAINT_NAME WHERE t.TABLE_SCHEMA = ? AND t.TABLE_NAME = ? AND t.CONSTRAINT_TYPE = 'CHECK' ORDER BY c.CONSTRAINT_NAME

SELECT TRIGGER_NAME, ACTION_TIMING, EVENT_MANIPULATION, ACTION_STATEMENT FROM information_schema.TRIGGERS WHERE EVENT_OBJECT_SCHEMA = ? AND EVENT_OBJECT_TABLE = ? ORDER BY ACTION_ORDER, TRIGGER_NAME

SELECT TABLE_ROWS, DATA_LENGTH + INDEX_LENGTH, TABLE_COMMENT, TABLE_TYPE FROM information_schema.TABLES WHERE TABLE_SCHEMA = ? AND TABLE_NAME = ?
