---
source: crates/db/src/mssql/catalog.rs
expression: "[ROLES_SQL, PRINCIPAL_SQL, PRINCIPAL_ROLES_SQL, LOGIN_SQL, JOBS_SQL,\nJOB_DETAIL_SQL, JOB_SCHEDULES_SQL,].join(\"\\n\")"
---
SELECT p.name COLLATE DATABASE_DEFAULT, NULL, LOWER(REPLACE(p.type_desc, '_', ' ')) COLLATE DATABASE_DEFAULT + CASE WHEN sp.name IS NOT NULL THEN ' · login ' + sp.name COLLATE DATABASE_DEFAULT ELSE '' END + CASE WHEN p.default_schema_name IS NOT NULL THEN ' · schema ' + p.default_schema_name COLLATE DATABASE_DEFAULT ELSE '' END FROM sys.database_principals p LEFT JOIN sys.server_principals sp ON sp.sid = p.sid WHERE p.type IN ('S','U','G','R','E','X','C','K') AND p.is_fixed_role = 0 AND p.name NOT IN ('sys','INFORMATION_SCHEMA','guest','public') UNION ALL SELECT sp.name COLLATE DATABASE_DEFAULT, NULL, 'login · ' + LOWER(REPLACE(sp.type_desc, '_', ' ')) COLLATE DATABASE_DEFAULT + CASE WHEN sp.is_disabled = 1 THEN ' · disabled' ELSE '' END FROM sys.server_principals sp WHERE sp.type IN ('S','U','G','E','X') AND sp.name NOT LIKE '##%' AND NOT EXISTS (SELECT 1 FROM sys.database_principals p WHERE p.sid = sp.sid OR p.name = sp.name COLLATE DATABASE_DEFAULT) ORDER BY 1
SELECT p.type, p.type_desc, p.default_schema_name, sp.name COLLATE DATABASE_DEFAULT FROM sys.database_principals p LEFT JOIN sys.server_principals sp ON sp.sid = p.sid WHERE p.name = @P1
SELECT r.name FROM sys.database_role_members m JOIN sys.database_principals r ON r.principal_id = m.role_principal_id JOIN sys.database_principals u ON u.principal_id = m.member_principal_id WHERE u.name = @P1 ORDER BY 1
SELECT sp.type, sp.type_desc, sp.is_disabled, sp.default_database_name FROM sys.server_principals sp WHERE sp.name = @P1
SELECT j.name, j.enabled, h.run_status, h.run_date, h.run_time, (SELECT MIN(CAST(s.next_run_date AS bigint) * 1000000 + s.next_run_time) FROM msdb.dbo.sysjobschedules s WHERE s.job_id = j.job_id AND s.next_run_date > 0), (SELECT COUNT(*) FROM msdb.dbo.sysjobschedules s WHERE s.job_id = j.job_id) FROM msdb.dbo.sysjobs j OUTER APPLY (SELECT TOP 1 jh.run_status, jh.run_date, jh.run_time FROM msdb.dbo.sysjobhistory jh WHERE jh.job_id = j.job_id AND jh.step_id = 0 ORDER BY jh.instance_id DESC) h ORDER BY j.name
SELECT j.enabled, j.description, SUSER_SNAME(j.owner_sid), c.name, s.step_id, s.step_name, s.subsystem, s.database_name, s.command FROM msdb.dbo.sysjobs j LEFT JOIN msdb.dbo.syscategories c ON c.category_id = j.category_id LEFT JOIN msdb.dbo.sysjobsteps s ON s.job_id = j.job_id WHERE j.name = @P1 ORDER BY s.step_id
SELECT sc.name, sc.enabled FROM msdb.dbo.sysjobs j JOIN msdb.dbo.sysjobschedules js ON js.job_id = j.job_id JOIN msdb.dbo.sysschedules sc ON sc.schedule_id = js.schedule_id WHERE j.name = @P1 ORDER BY sc.name
