---
source: crates/db/src/pg/catalog.rs
expression: TRIGGERS_SQL
---
SELECT t.tgname::text, t.tgtype::int4, pg_catalog.pg_get_triggerdef(t.oid, true)
FROM pg_catalog.pg_trigger t
JOIN pg_catalog.pg_class c ON c.oid = t.tgrelid
JOIN pg_catalog.pg_namespace n ON n.oid = c.relnamespace
WHERE n.nspname = $1 AND c.relname = $2 AND NOT t.tgisinternal
ORDER BY 1
