---
source: crates/db/src/oracle/catalog.rs
expression: DETAIL_INDEXES
---
SELECT i.INDEX_NAME, i.UNIQUENESS, ic.COLUMN_NAME, (SELECT COUNT(*) FROM ALL_CONSTRAINTS c WHERE c.OWNER = i.TABLE_OWNER AND c.INDEX_NAME = i.INDEX_NAME AND c.CONSTRAINT_TYPE = 'P'), i.INDEX_TYPE FROM ALL_INDEXES i JOIN ALL_IND_COLUMNS ic ON ic.INDEX_OWNER = i.OWNER AND ic.INDEX_NAME = i.INDEX_NAME WHERE i.TABLE_OWNER = :1 AND i.TABLE_NAME = :2 ORDER BY i.INDEX_NAME, ic.COLUMN_POSITION
