---
source: crates/db/src/oracle/catalog.rs
expression: search_sql(false)
---
SELECT OWNER, OBJECT_NAME, KIND FROM ( SELECT o.OWNER, o.OBJECT_NAME, CASE o.OBJECT_TYPE WHEN 'TABLE' THEN 'table' WHEN 'VIEW' THEN 'view' WHEN 'MATERIALIZED VIEW' THEN 'mview' WHEN 'SEQUENCE' THEN 'sequence' WHEN 'SYNONYM' THEN 'synonym' WHEN 'PROCEDURE' THEN 'procedure' ELSE 'function' END AS KIND FROM ALL_OBJECTS o WHERE o.OBJECT_TYPE IN ('TABLE', 'VIEW', 'MATERIALIZED VIEW', 'SEQUENCE', 'SYNONYM', 'PROCEDURE', 'FUNCTION') AND UPPER(o.OBJECT_NAME) LIKE UPPER(:1) ESCAPE '!' AND o.OBJECT_NAME NOT LIKE 'BIN$%' AND NOT (o.OBJECT_TYPE = 'TABLE' AND EXISTS (SELECT 1 FROM ALL_MVIEWS m WHERE m.OWNER = o.OWNER AND m.MVIEW_NAME = o.OBJECT_NAME)) AND (:2 = 1 OR (o.OWNER <> 'PUBLIC' AND o.OWNER NOT IN (SELECT 'SYS' FROM DUAL UNION ALL SELECT 'SYSTEM' FROM DUAL))) ORDER BY LENGTH(o.OBJECT_NAME), o.OBJECT_NAME, o.OWNER ) WHERE ROWNUM <= :3
