---
source: crates/db/src/dialect/mod.rs
expression: "format!(\"{}\\n\\n{}\", d.script_drop_create(ObjectKind::Table, &t, table),\nd.script_drop_create(ObjectKind::Procedure, &p, proc))"
---
DROP TABLE sales.orders;

CREATE TABLE sales.orders (id int);

-- SQLite has no DROP PROCEDURE

CREATE PROCEDURE sales.archive AS
BEGIN
  NULL;
END;
