---
source: crates/db/src/edit.rs
expression: "all.join(\"\\n\")"
---
INSERT INTO sales."order line" (sku) VALUES ('O''Neil');
INSERT INTO sales."order line" DEFAULT VALUES;
INSERT INTO sales."order line" (sku, Qty, note) VALUES ('A-1', 3, NULL);
DELETE FROM sales."order line" WHERE id = 7 AND line = 2;
DELETE FROM sales."order line" WHERE id = 8 AND line IS NULL;
