---
source: crates/db/src/snowflake/catalog.rs
expression: DEPENDENCIES_SQL
---
SELECT 'uses' AS DIRECTION, REFERENCED_DATABASE <> CURRENT_DATABASE() AS OTHER_DB, IFF(REFERENCED_DATABASE = CURRENT_DATABASE(), REFERENCED_SCHEMA, REFERENCED_DATABASE || '.' || REFERENCED_SCHEMA) AS SCHEMA_NAME, REFERENCED_OBJECT_NAME AS OBJECT_NAME, REFERENCED_OBJECT_DOMAIN AS DOMAIN, DEPENDENCY_TYPE FROM SNOWFLAKE.ACCOUNT_USAGE.OBJECT_DEPENDENCIES WHERE REFERENCING_DATABASE = CURRENT_DATABASE() AND REFERENCING_SCHEMA = ? AND REFERENCING_OBJECT_NAME = ? UNION ALL SELECT 'used_by', REFERENCING_DATABASE <> CURRENT_DATABASE(), IFF(REFERENCING_DATABASE = CURRENT_DATABASE(), REFERENCING_SCHEMA, REFERENCING_DATABASE || '.' || REFERENCING_SCHEMA), REFERENCING_OBJECT_NAME, REFERENCING_OBJECT_DOMAIN, DEPENDENCY_TYPE FROM SNOWFLAKE.ACCOUNT_USAGE.OBJECT_DEPENDENCIES WHERE REFERENCED_DATABASE = CURRENT_DATABASE() AND REFERENCED_SCHEMA = ? AND REFERENCED_OBJECT_NAME = ? ORDER BY 1 DESC, 5, 3, 4
